nohup: ignoring input
Starting simple HTTP server on port 9090...
127.0.0.1 - - [26/Apr/2026 16:12:45] "GET / HTTP/1.1" 200 -
127.0.0.1 - - [26/Apr/2026 16:15:09] "GET / HTTP/1.1" 200 -
ne 88, in _run_code
  File "/usr/lib/python3.12/http/server.py", line 1314, in <module>
    test(
  File "/usr/lib/python3.12/http/server.py", line 1261, in test
    with ServerClass(addr, HandlerClass) as httpd:
         ^^^^^^^^^^^^^^^^^^^^^^^^^^^^^^^
  File "/usr/lib/python3.12/socketserver.py", line 457, in __init__
    self.server_bind()
  File "/usr/lib/python3.12/http/server.py", line 1308, in server_bind
    return super().server_bind()
           ^^^^^^^^^^^^^^^^^^^^^
  File "/usr/lib/python3.12/http/server.py", line 136, in server_bind
    socketserver.TCPServer.server_bind(self)
  File "/usr/lib/python3.12/socketserver.py", line 473, in server_bind
    self.socket.bind(self.server_address)
OSError: [Errno 98] Address already in use
